===== file ../mock_payloads/commit_comment.different_author.json =====
will notify #all-push-events
{
  "channel": "all-push-events",
  "text": "<https://github.com/ahrefs/monorepo|[ahrefs/monorepo]> *xinyuluo* commented on `<https://github.com/ahrefs/monorepo/commit/0d95302addd66c1816bce1b1d495ed1c93ccd478#commitcomment-0|0d95302a>` Update README.md",
  "attachments": [
    {
      "fallback": null,
      "mrkdwn_in": [ "text" ],
      "color": "#ccc",
      "text": "comment here",
      "footer": "New comment by xinyuluo in <https://github.com/ahrefs/monorepo/commit/0d95302addd66c1816bce1b1d495ed1c93ccd478#commitcomment-0|README.md>"
    }
  ],
  "unfurl_links": false
}
===== file ../mock_payloads/commit_comment.general_comment.json =====
will notify #all-push-events
{
  "channel": "all-push-events",
  "text": "<https://github.com/xinyuluo/monorepo|[xinyuluo/monorepo]> *xinyuluo* commented on `<https://github.com/xinyuluo/monorepo/commit/cd5b85afa306840e0790b62e349ee1f828b2a3c2#commitcomment-0|cd5b85af>` add new line at EOF",
  "attachments": [
    {
      "fallback": null,
      "mrkdwn_in": [ "text" ],
      "color": "#ccc",
      "text": "add a commit comment"
    }
  ],
  "unfurl_links": false
}
===== file ../mock_payloads/commit_comment.general_comment_multiple_path.json =====
will notify #a1
{
  "channel": "a1",
  "text": "<https://github.com/xinyuluo/monorepo|[xinyuluo/monorepo]> *xinyuluo* commented on `<https://github.com/xinyuluo/monorepo/commit/1edcdf5e45a8b7ed01c247b981d8f42d426a7794#commitcomment-0|1edcdf5e>` Add files via upload",
  "attachments": [
    {
      "fallback": null,
      "mrkdwn_in": [ "text" ],
      "color": "#ccc",
      "text": "this is a test for general commit comment with multiple paths"
    }
  ],
  "unfurl_links": false
}
will notify #all-push-events
{
  "channel": "all-push-events",
  "text": "<https://github.com/xinyuluo/monorepo|[xinyuluo/monorepo]> *xinyuluo* commented on `<https://github.com/xinyuluo/monorepo/commit/1edcdf5e45a8b7ed01c247b981d8f42d426a7794#commitcomment-0|1edcdf5e>` Add files via upload",
  "attachments": [
    {
      "fallback": null,
      "mrkdwn_in": [ "text" ],
      "color": "#ccc",
      "text": "this is a test for general commit comment with multiple paths"
    }
  ],
  "unfurl_links": false
}
===== file ../mock_payloads/commit_comment.long_comment.json =====
will notify #all-push-events
{
  "channel": "all-push-events",
  "text": "<https://github.com/xinyuluo/monorepo|[xinyuluo/monorepo]> *xinyuluo* commented on `<https://github.com/xinyuluo/monorepo/commit/cd5b85afa306840e0790b62e349ee1f828b2a3c2#commitcomment-0|cd5b85af>` add new line at EOF",
  "attachments": [
    {
      "fallback": null,
      "mrkdwn_in": [ "text" ],
      "color": "#ccc",
      "text": "this can be written shorter:\n`\n| Some obj -&gt; Obj.is_valid obj o\n| None -&gt; false`",
      "footer": "New comment by xinyuluo in <https://github.com/xinyuluo/monorepo/commit/cd5b85afa306840e0790b62e349ee1f828b2a3c2#commitcomment-0|main.ml>"
    }
  ],
  "unfurl_links": false
}
===== file ../mock_payloads/commit_comment.mrkdwn_comment.json =====
will notify #all-push-events
{
  "channel": "all-push-events",
  "text": "<https://github.com/xinyuluo/monorepo|[xinyuluo/monorepo]> *xinyuluo* commented on `<https://github.com/xinyuluo/monorepo/commit/cd5b85afa306840e0790b62e349ee1f828b2a3c2#commitcomment-0|cd5b85af>` add new line at EOF",
  "attachments": [
    {
      "fallback": null,
      "mrkdwn_in": [ "text" ],
      "color": "#ccc",
      "text": "*header 1*\n\n*header 2*\n\n*header 3*\n\n*header 4*\n\n*header 5*\n\n*header 6*\n\n* * *\nparagraph 1 *bold*, _italic_, ~strikethrough~, *_bold italic_*, _*italic bold*_\n\nparagraph 2\nhard line break\n\n> blockquote\n\n> > > multi\n> > \n> > level\n> \n> blockquote\n\n- list-element 1\n- list-element 2\n    - list-element 2.1\n        - list-element 2.1.1\n    - <www.google.com|list-element 2.2>\n\n1. list-element 1\n2. list-element 2\n    1. list-element 2.1\n        1. list-element 2.1.1\n    2. <www.google.com|list-element 2.2>\n3. list-element 3\n\n<www.google.com|link with title - some link text>\n\n- > quote in list\n\n> - list in quote\n\n<https://via.placeholder.com/20x20|image>\n\n<https://via.placeholder.com/20x20|with title - image>\n\n<https://via.placeholder.com/20x20|no alt - >\n\n<https://via.placeholder.com/20x20|>\n\n```\n&lt;div&gt;html block with &lt;i&gt;styling&lt;/i&gt;&lt;/div&gt;\n```\n```\nStdio.printf \"hello ocaml\"\n```\ninline `code block`\n\nescape these \\()[]`*  `but keep \\`\n\n```\nand keep \\\n```",
      "footer": "New comment by xinyuluo in <https://github.com/xinyuluo/monorepo/commit/cd5b85afa306840e0790b62e349ee1f828b2a3c2#commitcomment-0|main.ml>"
    }
  ],
  "unfurl_links": false
}
===== file ../mock_payloads/commit_comment.multiple_paths.json =====
will notify #all-push-events
{
  "channel": "all-push-events",
  "text": "<https://github.com/xinyuluo/monorepo|[xinyuluo/monorepo]> *xinyuluo* commented on `<https://github.com/xinyuluo/monorepo/commit/41dad1d3d41f329f00836f166a7103a262e69889#commitcomment-0|41dad1d3>` make changes in 2 files",
  "attachments": [
    {
      "fallback": null,
      "mrkdwn_in": [ "text" ],
      "color": "#ccc",
      "text": "make a comment"
    }
  ],
  "unfurl_links": false
}
===== file ../mock_payloads/commit_comment.short_comment.json =====
will notify #all-push-events
{
  "channel": "all-push-events",
  "text": "<https://github.com/xinyuluo/monorepo|[xinyuluo/monorepo]> *xinyuluo* commented on `<https://github.com/xinyuluo/monorepo/commit/cd5b85afa306840e0790b62e349ee1f828b2a3c2#commitcomment-0|cd5b85af>` add new line at EOF",
  "attachments": [
    {
      "fallback": null,
      "mrkdwn_in": [ "text" ],
      "color": "#ccc",
      "text": "add a single comment on the code in a commit",
      "footer": "New comment by xinyuluo in <https://github.com/xinyuluo/monorepo/commit/cd5b85afa306840e0790b62e349ee1f828b2a3c2#commitcomment-0|main.ml>"
    }
  ],
  "unfurl_links": false
}
===== file ../mock_payloads/issue_comment.created_in_issue.json =====
will notify #default
{
  "channel": "default",
  "text": "<https://github.com/xinyuluo/monorepo|[xinyuluo/monorepo]> *xinyuluo* <https://github.com/xinyuluo/monorepo/issues/5#issuecomment-633347088|commented> on #5 <https://github.com/xinyuluo/monorepo/issues/5|handle issue event>",
  "attachments": [
    {
      "fallback": null,
      "mrkdwn_in": [ "text" ],
      "color": "#ccc",
      "text": "handle issue comment"
    }
  ],
  "unfurl_links": false
}
===== file ../mock_payloads/issue_comment.created_in_issue_by_ignored.json =====
===== file ../mock_payloads/issue_comment.created_in_pr.json =====
will notify #a1-bot
{
  "channel": "a1-bot",
  "text": "<https://github.com/xinyuluo/monorepo|[xinyuluo/monorepo]> *xinyuluo* <https://github.com/xinyuluo/monorepo/pull/4#issuecomment-633344303|commented> on #4 <https://github.com/xinyuluo/monorepo/pull/4|README update>",
  "attachments": [
    {
      "fallback": null,
      "mrkdwn_in": [ "text" ],
      "color": "#ccc",
      "text": "comment example"
    }
  ],
  "unfurl_links": false
}
will notify #backend
{
  "channel": "backend",
  "text": "<https://github.com/xinyuluo/monorepo|[xinyuluo/monorepo]> *xinyuluo* <https://github.com/xinyuluo/monorepo/pull/4#issuecomment-633344303|commented> on #4 <https://github.com/xinyuluo/monorepo/pull/4|README update>",
  "attachments": [
    {
      "fallback": null,
      "mrkdwn_in": [ "text" ],
      "color": "#ccc",
      "text": "comment example"
    }
  ],
  "unfurl_links": false
}
===== file ../mock_payloads/issue_comment.deleted.json =====
===== file ../mock_payloads/issue_comment.draft_pr.json =====
will notify #frontend-bot
{
  "channel": "frontend-bot",
  "text": "<https://github.com/ahrefs/monorepo|[ahrefs/monorepo]> *yasunariw* <https://github.com/ahrefs/monorepo/pull/6168#issuecomment-17123|commented> on #6168 <https://github.com/ahrefs/monorepo/pull/6168|Feature 1234>",
  "attachments": [
    {
      "fallback": null,
      "mrkdwn_in": [ "text" ],
      "color": "#ccc",
      "text": "> I do not understand this\n\nDo you have access to the logs on the website?"
    }
  ],
  "unfurl_links": false
}
===== file ../mock_payloads/issue_comment.edited.json =====
===== file ../mock_payloads/issues.closed.json =====
will notify #backend
{
  "channel": "backend",
  "text": "<https://github.com/xinyuluo/monorepo|[xinyuluo/monorepo]> Issue #6 <https://github.com/xinyuluo/monorepo/issues/6|create a test for issue_notification> closed by *xinyuluo*",
  "unfurl_links": false
}
===== file ../mock_payloads/issues.labeled.json =====
will notify #backend
{
  "channel": "backend",
  "text": "<https://github.com/xinyuluo/monorepo|[xinyuluo/monorepo]> Issue #6 <https://github.com/xinyuluo/monorepo/issues/6|create a test for issue_notification> labeled by *xinyuluo*",
  "attachments": [
    {
      "fallback": null,
      "mrkdwn_in": [ "text" ],
      "color": "#ccc",
      "text": "Labels: backend"
    }
  ],
  "unfurl_links": false
}
===== file ../mock_payloads/issues.opened.json =====
will notify #default
{
  "channel": "default",
  "text": "<https://github.com/xinyuluo/monorepo|[xinyuluo/monorepo]> Issue #6 <https://github.com/xinyuluo/monorepo/issues/6|create a test for issue_notification> opened by *xinyuluo*",
  "attachments": [
    {
      "fallback": null,
      "mrkdwn_in": [ "text" ],
      "color": "#ccc",
      "text": "consider multiple cases including labeled/opened/closed/reopened"
    }
  ],
  "unfurl_links": false
}
===== file ../mock_payloads/issues.reopened.json =====
will notify #backend
{
  "channel": "backend",
  "text": "<https://github.com/xinyuluo/monorepo|[xinyuluo/monorepo]> Issue #6 <https://github.com/xinyuluo/monorepo/issues/6|create a test for issue_notification> reopened by *xinyuluo*",
  "unfurl_links": false
}
===== file ../mock_payloads/pull_request.closed_capitalized.json =====
will notify #a1-bot
{
  "channel": "a1-bot",
  "text": "<https://github.com/xinyuluo/monorepo|[xinyuluo/monorepo]> Pull request #8 <https://github.com/xinyuluo/monorepo/pull/8|Update README.md> closed by *xinyuluo*",
  "unfurl_links": false
}
===== file ../mock_payloads/pull_request.closed_no_labels.json =====
will notify #default
{
  "channel": "default",
  "text": "<https://github.com/xinyuluo/monorepo|[xinyuluo/monorepo]> Pull request #2 <https://github.com/xinyuluo/monorepo/pull/2|Update README.md> merged by *xinyuluo*",
  "unfurl_links": false
}
===== file ../mock_payloads/pull_request.labeled_two_labels.json =====
will notify #a1-bot
{
  "channel": "a1-bot",
  "text": "<https://github.com/xinyuluo/monorepo|[xinyuluo/monorepo]> Pull request #4 <https://github.com/xinyuluo/monorepo/pull/4|README update> labeled by *xinyuluo*",
  "attachments": [
    {
      "fallback": null,
      "mrkdwn_in": [ "text" ],
      "color": "#ccc",
      "text": "Labels: a1, backend"
    }
  ],
  "unfurl_links": false
}
will notify #backend
{
  "channel": "backend",
  "text": "<https://github.com/xinyuluo/monorepo|[xinyuluo/monorepo]> Pull request #4 <https://github.com/xinyuluo/monorepo/pull/4|README update> labeled by *xinyuluo*",
  "attachments": [
    {
      "fallback": null,
      "mrkdwn_in": [ "text" ],
      "color": "#ccc",
      "text": "Labels: a1, backend"
    }
  ],
  "unfurl_links": false
}
===== file ../mock_payloads/pull_request.opened_one_label.json =====
will notify #frontend-bot
{
  "channel": "frontend-bot",
  "text": "<https://github.com/xinyuluo/monorepo|[xinyuluo/monorepo]> Pull request #3 <https://github.com/xinyuluo/monorepo/pull/3|Update README.md> opened by *xinyuluo*",
  "attachments": [
    {
      "fallback": null,
      "mrkdwn_in": [ "text" ],
      "color": "#ccc",
      "text": ""
    }
  ],
  "unfurl_links": false
}
===== file ../mock_payloads/pull_request.review_requested_one_label.json =====
===== file ../mock_payloads/pull_request_review.approved.json =====
will notify #default
{
  "channel": "default",
  "text": "<https://github.com/Khady/monorepo|[Khady/monorepo]> *Khady* <https://github.com/Khady/monorepo/pull/6#pullrequestreview-0|approved> #6 <https://github.com/Khady/monorepo/pull/6|create pr_review_test.md>",
  "attachments": [
    {
      "fallback": null,
      "mrkdwn_in": [ "text" ],
      "color": "#ccc",
      "text": "approve review"
    }
  ],
  "unfurl_links": false
}
===== file ../mock_payloads/pull_request_review.commented.json =====
will notify #frontend-bot
{
  "channel": "frontend-bot",
  "text": "<https://github.com/xinyuluo/monorepo|[xinyuluo/monorepo]> *xinyuluo* <https://github.com/xinyuluo/monorepo/pull/3#pullrequestreview-0|commented on> #3 <https://github.com/xinyuluo/monorepo/pull/3|Update README.md>",
  "attachments": [
    {
      "fallback": null,
      "mrkdwn_in": [ "text" ],
      "color": "#ccc",
      "text": "submit a PR review"
    }
  ],
  "unfurl_links": false
}
===== file ../mock_payloads/pull_request_review.dismissed.json =====
===== file ../mock_payloads/pull_request_review.edited.json =====
===== file ../mock_payloads/pull_request_review.request_changes.json =====
will notify #default
{
  "channel": "default",
  "text": "<https://github.com/Khady/monorepo|[Khady/monorepo]> *Khady* <https://github.com/Khady/monorepo/pull/6#pullrequestreview-0|requested changes on> #6 <https://github.com/Khady/monorepo/pull/6|create pr_review_test.md>",
  "attachments": [
    {
      "fallback": null,
      "mrkdwn_in": [ "text" ],
      "color": "#ccc",
      "text": "request changes review"
    }
  ],
  "unfurl_links": false
}
===== file ../mock_payloads/pull_request_review.submitted_no_comment.json =====
===== file ../mock_payloads/pull_request_review.submitted_null_body.json =====
===== file ../mock_payloads/pull_request_review_comment.created.json =====
will notify #a1-bot
{
  "channel": "a1-bot",
  "text": "<https://github.com/xinyuluo/monorepo|[xinyuluo/monorepo]> *xinyuluo* commented on #4 <https://github.com/xinyuluo/monorepo/pull/4|README update>",
  "attachments": [
    {
      "fallback": null,
      "mrkdwn_in": [ "text" ],
      "color": "#ccc",
      "text": "PR review comment example",
      "footer": "New comment by xinyuluo in <https://github.com/xinyuluo/monorepo/pull/4#discussion_r0|README.md>"
    }
  ],
  "unfurl_links": false
}
will notify #backend
{
  "channel": "backend",
  "text": "<https://github.com/xinyuluo/monorepo|[xinyuluo/monorepo]> *xinyuluo* commented on #4 <https://github.com/xinyuluo/monorepo/pull/4|README update>",
  "attachments": [
    {
      "fallback": null,
      "mrkdwn_in": [ "text" ],
      "color": "#ccc",
      "text": "PR review comment example",
      "footer": "New comment by xinyuluo in <https://github.com/xinyuluo/monorepo/pull/4#discussion_r0|README.md>"
    }
  ],
  "unfurl_links": false
}
===== file ../mock_payloads/pull_request_review_comment.deleted.json =====
===== file ../mock_payloads/pull_request_review_comment.edited.json =====
===== file ../mock_payloads/push.branch_filter_default.json =====
will notify #all-push-events
{
  "channel": "all-push-events",
  "username": "test-repo:develop",
  "text": "`<https://github.com/octocat/test-repo/commit/e2173f38ae43865433a182c1fc1b5442d9763b54|e2173f38>` Add TESTING.md - octocat\n`<https://github.com/octocat/test-repo/commit/80452f696a8988e7234063d47720a62e902f2afc|90452f69>` Update readme 2 - octocat\n`<https://github.com/octocat/test-repo/commit/e2173f38ae43865433a182c1fc1b5442d9763b54|f2173f38>` Add TESTING.md 2 - octocat",
  "unfurl_links": false
}
will notify #backend1
{
  "channel": "backend1",
  "username": "test-repo:develop",
  "text": "`<https://github.com/octocat/test-repo/commit/80452f696a8988e7234063d47720a62e902f2afc|80452f69>` Update readme - octocat",
  "unfurl_links": false
}
===== file ../mock_payloads/push.branch_filter_local.json =====
will notify #backend1
{
  "channel": "backend1",
  "username": "test-repo:master",
  "text": "`<https://github.com/octocat/test-repo/commit/80452f696a8988e7234063d47720a62e902f2afc|80452f69>` Update readme - octocat",
  "unfurl_links": false
}
will notify #backend2
{
  "channel": "backend2",
  "username": "test-repo:master",
  "text": "`<https://github.com/octocat/test-repo/commit/80452f696a8988e7234063d47720a62e902f2afc|90452f69>` Update readme 2 - octocat\n`<https://github.com/octocat/test-repo/commit/e2173f38ae43865433a182c1fc1b5442d9763b54|f2173f38>` Add TESTING.md 2 - octocat",
  "unfurl_links": false
}
===== file ../mock_payloads/push.branch_filter_nomatch.json =====
will notify #default
{
  "channel": "default",
  "username": "test-repo:feature/f1",
  "text": "`<https://github.com/octocat/test-repo/commit/80452f696a8988e7234063d47720a62e902f2afc|80452f69>` Update readme 2 - octocat",
  "unfurl_links": false
}
===== file ../mock_payloads/push.many_commits.json =====
will notify #all-push-events
{
  "channel": "all-push-events",
  "username": "monorepo:develop",
  "text": "<https://github.com/thatportugueseguy/monorepo/compare/fb245e2a6d52...e2173f38ae43|12 commits> pushed by thatportugueseguy\n`<https://github.com/thatportugueseguy/monorepo/commit/80452f696a8988e7234063d47720a62e902f2afc|80452f69>` Update readme - jose nogueira\n`<https://github.com/thatportugueseguy/monorepo/commit/75170cc6e1b1aa0c603a13b9480ee1e7d1c9b0d7|75170cc6>` Update readme 2 - jose nogueira\n`<https://github.com/thatportugueseguy/monorepo/commit/82e3497b0fb250ef1a19daa0996ae0ad51641bea|82e3497b>` Update readme 3 - jose nogueira\n+5 more...\n\n`<https://github.com/thatportugueseguy/monorepo/commit/d6a17bfc44f7e752e02176ba87ec5a97f5b3316b|d6a17bfc>` Update readme 9 - jose nogueira\n`<https://github.com/thatportugueseguy/monorepo/commit/003927e6c73068f440c28da69386798ece9cb6dc|003927e6>` Update readme 10 - jose nogueira\n`<https://github.com/thatportugueseguy/monorepo/commit/5de643873ff93dc9163c4c63d3fb7c2ee1bb33b4|5de64387>` Update readme 11 - jose nogueira\n`<https://github.com/thatportugueseguy/monorepo/commit/e2173f38ae43865433a182c1fc1b5442d9763b54|e2173f38>` Add TESTING.md - jose nogueira",
  "unfurl_links": false
}
===== file ../mock_payloads/push.two_commits_longest_match.json =====
will notify #all-push-events
{
  "channel": "all-push-events",
  "username": "monorepo:develop",
  "text": "`<https://github.com/thatportugueseguy/monorepo/commit/80452f696a8988e7234063d47720a62e902f2afc|80452f69>` Update readme - jose nogueira\n`<https://github.com/thatportugueseguy/monorepo/commit/e2173f38ae43865433a182c1fc1b5442d9763b54|e2173f38>` Add TESTING.md - jose nogueira",
  "unfurl_links": false
}
will notify #longest-a1
{
  "channel": "longest-a1",
  "username": "monorepo:develop",
  "text": "`<https://github.com/thatportugueseguy/monorepo/commit/e2173f38ae43865433a182c1fc1b5442d9763b54|e2173f38>` Add TESTING.md - jose nogueira",
  "unfurl_links": false
}
===== file ../mock_payloads/status.cancelled_test.json =====
===== file ../mock_payloads/status.failure_test.json =====
will notify #id[slack_mail@example.com]
{
  "channel": "id[slack_mail@example.com]",
  "text": "<https://buildkite.com/org/pipeline2|[buildkite/pipeline2]>: Build failed for \"Update README.md\"",
  "attachments": [
    {
      "fallback": null,
      "mrkdwn_in": [ "fields", "text" ],
      "color": "danger",
      "text": "*Description*: Build #2 failed (20 seconds).",
      "fields": [
        {
          "value": "*Commit*: `<https://github.com/ahrefs/monorepo/commit/0d95302addd66c1816bce1b1d495ed1c93ccd478|0d95302a>` Update README.md - Khady\n*Branch*: master"
        }
      ]
    }
  ],
  "unfurl_links": false
}
will notify #default
{
  "channel": "default",
  "text": "<https://buildkite.com/org/pipeline2|[buildkite/pipeline2]>: Build failed for \"Update README.md\"",
  "attachments": [
    {
      "fallback": null,
      "mrkdwn_in": [ "fields", "text" ],
      "color": "danger",
      "text": "*Description*: Build #2 failed (20 seconds).",
      "fields": [
        {
          "value": "*Commit*: `<https://github.com/ahrefs/monorepo/commit/0d95302addd66c1816bce1b1d495ed1c93ccd478|0d95302a>` Update README.md - Khady\n*Branch*: master"
        }
      ]
    }
  ],
  "unfurl_links": false
}
===== file ../mock_payloads/status.merge_develop.json =====
===== file ../mock_payloads/status.pending_test.json =====
===== file ../mock_payloads/status.state_hide_success_test.json =====
===== file ../mock_payloads/status.state_hide_success_test_disallowed_pipeline.json =====
===== file ../mock_payloads/status.success_public_repo_no_buildkite.json =====
will notify #default
{
  "channel": "default",
  "text": "<https://github.com/Codertocat/Hello-World|[Codertocat/Hello-World]>: Build succeeded for \"Initial commit\"",
  "attachments": [
    {
      "fallback": null,
      "mrkdwn_in": [ "fields", "text" ],
      "color": "good",
      "fields": [
        {
          "value": "*Commit*: `<https://github.com/Codertocat/Hello-World/commit/6113728f27ae82c7b1a177c8d03f9e96e0adf246|6113728f>` Initial commit - Codertocat\n*Branches*: master, changes, gh-pages"
        }
      ]
    }
  ],
  "unfurl_links": false
}
===== file ../mock_payloads/status.success_test_main_branch.json =====
will notify #all-push-events
{
  "channel": "all-push-events",
  "text": "<https://buildkite.com/org/pipeline2|[buildkite/pipeline2]>: Build succeeded for \"Update README.md\"",
  "attachments": [
    {
      "fallback": null,
      "mrkdwn_in": [ "fields", "text" ],
      "color": "good",
      "text": "*Description*: Build #2 passed (5 minutes, 19 seconds).",
      "fields": [
        {
          "value": "*Commit*: `<https://github.com/ahrefs/monorepo/commit/0d95302addd66c1816bce1b1d495ed1c93ccd478|0d95302a>` Update README.md - Khady\n*Branch*: develop"
        }
      ]
    }
  ],
  "unfurl_links": false
}
===== file ../mock_payloads/status.success_test_non_main_branch.json =====
will notify #default
{
  "channel": "default",
  "text": "<https://buildkite.com/org/pipeline2|[buildkite/pipeline2]>: Build succeeded for \"Update README.md\"",
  "attachments": [
    {
      "fallback": null,
      "mrkdwn_in": [ "fields", "text" ],
      "color": "good",
      "text": "*Description*: Build #2 passed (5 minutes, 19 seconds).",
      "fields": [
        {
          "value": "*Commit*: `<https://github.com/ahrefs/monorepo/commit/0d95302addd66c1816bce1b1d495ed1c93ccd478|0d95302a>` Update README.md - Khady\n*Branch*: master"
        }
      ]
    }
  ],
  "unfurl_links": false
}
===== file ../mock_slack_events/commits.one_file_modified.json =====
will unfurl in #C047QTRD1CH
{
  "channel": "C047QTRD1CH",
  "ts": "1666757730.846499",
  "unfurls": {
    "https://github.com/ahrefs/monorobot/commit/0d95302addd66c1816bce1b1d495ed1c93ccd478": {
      "fallback": "[0d95302a] Update README.md - Louis",
      "mrkdwn_in": [ "text" ],
      "color": "#f6f8fa",
      "author_icon": "https://github.com/avatars/u/0",
      "text": "`<https://github.com/ahrefs/monorepo/commit/0d95302addd66c1816bce1b1d495ed1c93ccd478|0d95302a>` Update README.md - <https://github.com/Khady|Louis>\n_modified `README.md` (+1-1)_ on 2020-06-02",
      "footer": "<https://github.com/ahrefs/monorobot|ahrefs/monorobot> 2020-06-02T03:14:51Z"
    }
  }
}
===== file ../mock_slack_events/compare.repo_and_forked_branch_with_repo_name.json =====
will unfurl in #C047QTRD1CH
{
  "channel": "C047QTRD1CH",
  "ts": "1666839755.099699",
  "unfurls": {
    "https://github.com/ahrefs/monorobot/compare/master...sewenthy:monorobot:119-unfurling-commit-range-links": {
      "fallback": "[9d20f77f] test: added tests for link unfurling - Sewen Thy",
      "mrkdwn_in": [ "text" ],
      "color": "#f6f8fa",
      "text": "`<https://github.com/ahrefs/monorobot/commit/9d20f77fd7c79f5a00978ae91340603159921cb1|9d20f77f>` test: added tests for link unfurling - Sewen Thy\n\nmodified 14 files",
      "footer": "<https://github.com/ahrefs/monorobot|ahrefs/monorobot>"
    }
  }
}
===== file ../mock_slack_events/compare.repo_and_forked_branches_ahead.json =====
will unfurl in #C047QTRD1CH
{
  "channel": "C047QTRD1CH",
  "ts": "1666839755.099699",
  "unfurls": {
    "https://github.com/sewenthy/monorobot/compare/master...ahrefs:master": {
      "fallback": "[858b5e1d] test: test for ignoring user comment on PR - Sewen Thy[88372442] cfg and action: add support to ignore comments from certain users - Sewen Thy[6ec6b47d] Merge pull request #126 from sewenthy/sewen/121-ignore-code-comments-from-defined-list-of-users\n\nIgnore code comments from defined list of users - Louis",
      "mrkdwn_in": [ "text" ],
      "color": "#f6f8fa",
      "text": "`<https://github.com/sewenthy/monorobot/commit/858b5e1d2de2716883a7f83f69676cb1d05a6c9f|858b5e1d>` test: test for ignoring user comment on PR - Sewen Thy\n`<https://github.com/sewenthy/monorobot/commit/883724426505ec03e29a1e4fd11079797a30bd57|88372442>` cfg and action: add support to ignore comments from certain users - Sewen Thy\n`<https://github.com/sewenthy/monorobot/commit/6ec6b47d1f333d30d5c3889e05dcaad078f0e77d|6ec6b47d>` Merge pull request #126 from sewenthy/sewen/121-ignore-code-comments-from-defined-list-of-users - <https://github.com/Khady|Louis>\n\nmodified 6 files",
      "footer": "<https://github.com/sewenthy/monorobot|sewenthy/monorobot>"
    }
  }
}
===== file ../mock_slack_events/compare.repo_and_forked_branches_behind.json =====
will unfurl in #C047QTRD1CH
{
  "channel": "C047QTRD1CH",
  "ts": "1666839755.099699",
  "unfurls": {
    "https://github.com/ahrefs/monorobot/compare/master...sewenthy:119-unfurling-commit-range-links": {
      "fallback": "[9d20f77f] test: added tests for link unfurling - Sewen Thy",
      "mrkdwn_in": [ "text" ],
      "color": "#f6f8fa",
      "text": "`<https://github.com/ahrefs/monorobot/commit/9d20f77fd7c79f5a00978ae91340603159921cb1|9d20f77f>` test: added tests for link unfurling - Sewen Thy\n\nmodified 14 files",
      "footer": "<https://github.com/ahrefs/monorobot|ahrefs/monorobot>"
    }
  }
}
===== file ../mock_slack_events/compare.simple_branches.json =====
will unfurl in #C047QTRD1CH
{
  "channel": "C047QTRD1CH",
  "ts": "1666773089.275449",
  "unfurls": {
    "https://github.com/ahrefs/monorobot/compare/master...yasu/slack-msg-fix-escaping-and-fallback": {
      "fallback": "[0e222cde] use plaintext for all fallback messages - Yasunari Watanabe[46b04204] escape all user text and provide pretty-printing utility functions\n\nPR titles, comments, etc. should all be escaped. - Yasunari Watanabe[ee52fb2d] tests: promote with simple char escape check - Yasunari Watanabe",
      "mrkdwn_in": [ "text" ],
      "color": "#f6f8fa",
      "text": "`<https://github.com/ahrefs/monorobot/commit/0e222cdeeee469bf2109310d27d61a8afb86a118|0e222cde>` use plaintext for all fallback messages - <https://github.com/yasunariw|Yasunari Watanabe>\n`<https://github.com/ahrefs/monorobot/commit/46b04204b085fd1d2b8c15033deaa3be0a0f9936|46b04204>` escape all user text and provide pretty-printing utility functions - <https://github.com/yasunariw|Yasunari Watanabe>\n`<https://github.com/ahrefs/monorobot/commit/ee52fb2df818b3b46d81a3f5fa5de2c926987462|ee52fb2d>` tests: promote with simple char escape check - <https://github.com/yasunariw|Yasunari Watanabe>\n\nmodified 3 files",
      "footer": "<https://github.com/ahrefs/monorobot|ahrefs/monorobot>"
    }
  }
}
===== file ../mock_slack_events/issue.open.json =====
will unfurl in #C047QTRD1CH
{
  "channel": "C047QTRD1CH",
  "ts": "1666772724.077999",
  "unfurls": {
    "https://github.com/ahrefs/monorobot/issues/124": {
      "fallback": "[ahrefs/monorobot] Update the CI to a recent ocaml",
      "mrkdwn_in": [ "text" ],
      "color": "#28a745",
      "author_name": "Khady",
      "author_link": "https://github.com/Khady",
      "author_icon": "https://avatars.githubusercontent.com/u/974142?v=4",
      "title": "#124 Update the CI to a recent ocaml",
      "title_link": "https://github.com/ahrefs/monorobot/issues/124",
      "fields": [],
      "footer": "<https://github.com/ahrefs/monorobot|ahrefs/monorobot>"
    }
  }
}
===== file ../mock_slack_events/pr.multiple_involved.json =====
will unfurl in #C047QTRD1CH
{
  "channel": "C047QTRD1CH",
  "ts": "1666771760.054409",
  "unfurls": {
    "https://github.com/ahrefs/monorobot/pull/107/": {
      "fallback": "[ahrefs/monorobot] Track status state per build step instead of per pipeline",
      "mrkdwn_in": [ "text" ],
      "color": "#28a745",
      "author_name": "yasunariw",
      "author_link": "https://github.com/yasunariw",
      "author_icon": "https://avatars.githubusercontent.com/u/7478035?v=4",
      "title": "#107 Track status state per build step instead of per pipeline",
      "title_link": "https://github.com/ahrefs/monorobot/pull/107",
      "fields": [
        { "title": "Reviewers", "value": "@ygrek, @Khady", "short": true }
      ],
      "footer": "<https://github.com/ahrefs/monorobot|ahrefs/monorobot>"
    }
  }
}
